// Jest Snapshot v1, https://goo.gl/fbAQLP

exports[`renders three <About /> components 1`] = `
<div
  className="root"
>
  <h2>
    About ss
  </h2>
</div>
`;
